[stmatts.org/index.html]
[backblue.gif]
[fade.gif]
[index.html]
[stmatts.org/newsRSS]
[stmatts.org/newsRSS2679]
[stmatts.org/pictures/2020/3/eCatholic-stock-photo-3.jpg]
[stmatts.org/welcome.html]
[stmatts.org/our-clergy.html]
[stmatts.org/ourpastor.html]
[stmatts.org/fr-duncan-amek.html]
[stmatts.org/priestsinresidence.html]
[stmatts.org/our-deacons.html]
[stmatts.org/staff.html]
[stmatts.org/allcouncils.html]
[stmatts.org/contact-us.html]
[stmatts.org/st-matthew-our-patron-saint.html]
[stmatts.org/history.html]
[stmatts.org/safe-environment.html]
[stmatts.org/50th-anniversary.html]
[stmatts.org/teaching-mass.html]
[stmatts.org/altarservers.html]
[stmatts.org/altar-society.html]
[stmatts.org/childrenslturgy.html]
[stmatts.org/ecuharisticministry.html]
[stmatts.org/funeral.html]
[stmatts.org/lectors.html]
[stmatts.org/musicministry.html]
[stmatts.org/ushers-hospitality.html]
[stmatts.org/prayer-groups.html]
[stmatts.org/baptism.html]
[stmatts.org/bautismo.html]
[stmatts.org/reconciliation.html]
[stmatts.org/eucharist.html]
[stmatts.org/confirmation.html]
[stmatts.org/confirmacion-en-espanol.html]
[stmatts.org/marriage.html]
[stmatts.org/holyorders.html]
[stmatts.org/anointingofthesick.html]
[stmatts.org/sacramental-certificates.html]
[stmatts.org/childrens-programs.html]
[stmatts.org/children.html]
[stmatts.org/religiouseducation.html]
[stmatts.org/catecismo-en-espanol-1.html]
[stmatts.org/biblestorytime.html]
[stmatts.org/childrens-amp-youth-organizations.html]
[stmatts.org/youth-programs.html]
[stmatts.org/highschoolconfirmation.html]
[stmatts.org/youth-ministry.html]
[stmatts.org/middleschoolgroup.html]
[stmatts.org/highschoolyouth.html]
[stmatts.org/quince.html]
[stmatts.org/adult-programs.html]
[stmatts.org/adultformation.html]
[stmatts.org/rciaforteens.html]
[stmatts.org/rcia.html]
[stmatts.org/rcia-en-espanol.html]
[stmatts.org/adult-formation-videos.html]
[stmatts.org/adult-ministries.html]
[stmatts.org/acts.html]
[stmatts.org/covenantoflove.html]
[stmatts.org/family-retreats.html]
[stmatts.org/counselingcenter.html]
[stmatts.org/mental-health-ministry-1.html]
[stmatts.org/respectlife.html]
[stmatts.org/spiritual-direction.html]
[stmatts.org/support-ministry.html]
[stmatts.org/coping-with-loss.html]
[stmatts.org/widowsandwidowerscopingwithlossgroup.html]
[stmatts.org/youngadultministry.html]
[stmatts.org/adult-organizations.html]
[stmatts.org/catholic-daughters.html]
[stmatts.org/guadalupanos.html]
[stmatts.org/holynamemensclub.html]
[stmatts.org/knights-of-columbus.html]
[stmatts.org/legion-of-mary.html]
[stmatts.org/social-service-outreach.html]
[stmatts.org/seniorcenter.html]
[stmatts.org/svdp.html]
[stmatts.org/facilities-reservation-request.html]
[stmatts.org/parish-hall.html]
[stmatts.org/mcdonaldfamilycenter.html]
[stmatts.org/athletic-center.html]
[stmatts.org/sportspark.html]
[stmatts.org/donate.html]
[stmatts.org/bulletins.html]
[stmatts.org/documents/2021/6/Responses for Mass 1.pdf]
[stmatts.org/pictures/2020/1/anotherInteriorBackground_02.png]
[stmatts.org/pastors-message.html]
[stmatts.org/daily-readings.html]
[stmatts.org/pictures/2021/2/Pages from Appeal_Resilent_in_Faith_and_Service_Flyer_Half_Pg.jpg]
[stmatts.org/pictures/2020/3/meditation.jpg]
[stmatts.org/events/altar-server-training.html]
[stmatts.org/icalendar1.ics]
[stmatts.org/events2679.html]
[stmatts.org/design/footerLogo_03.png]
[stmatts.org/pictures/2021/3/z-youtube.png]
[stmatts.org/design/footerIcon1_03.png]
[stmatts.org/design/footerIcon2_03.png]
[stmatts.org/design/footerIcon3_03.png]
[stmatts.org/design/footerIcon4_03.png]
[stmatts.org/design/footerIcon5_03.png]
[stmatts.org/index.html]
[stmatts.org/newsRSS13ca]
[stmatts.org/connect.html]
[stmatts.org/welcome.html]
[stmatts.org/newsRSSd840]
[stmatts.org/pictures/2020/1/H6-2.png]
[stmatts.org/pictures/2020/1/Picture2-3.jpg]
[stmatts.org/pictures/2021/6/Fr. Paul picture 2-1-1-2.jpg]
[stmatts.org/pictures/2021/6/Picture4-1-2.jpg]
[stmatts.org/our-clergy.html]
[stmatts.org/newsRSS8912]
[stmatts.org/pictures/2016/9/Picture3-1.jpg]
[stmatts.org/ourpastor.html]
[stmatts.org/newsRSS4331]
[stmatts.org/pictures/2020/1/fr duncan-2.png]
[stmatts.org/pictures/2021/6/Fr. Paul picture.jpg]
[stmatts.org/fr-duncan-amek.html]
[stmatts.org/newsRSS6fc5]
[stmatts.org/priestsinresidence.html]
[stmatts.org/newsRSS91ee]
[stmatts.org/our-deacons.html]
[stmatts.org/newsRSSe387]
[stmatts.org/staff.html]
[stmatts.org/newsRSScd42]
[stmatts.org/allcouncils.html]
[stmatts.org/newsRSSebef]
[stmatts.org/contact-us.html]
[stmatts.org/newsRSS5fa7]
[stmatts.org/pictures/2020/1/stmatthew300.for website.jpg]
[stmatts.org/st-matthew-our-patron-saint.html]
[stmatts.org/newsRSS5fbd]
[stmatts.org/pictures/2016/10/H1-3.png]
[stmatts.org/history.html]
[stmatts.org/newsRSS1755]
[stmatts.org/safe-environment.html]
[stmatts.org/newsRSSf5c4]
[stmatts.org/50th-anniversary.html]
[stmatts.org/newsRSS44e8]
[stmatts.org/teaching-mass.html]
[stmatts.org/newsRSS5545]
[stmatts.org/pictures/2020/1/servers 2.png]
[stmatts.org/altarservers.html]
[stmatts.org/newsRSSd21a]
[stmatts.org/pictures/2020/1/altar.jpg]
[stmatts.org/altar-society.html]
[stmatts.org/newsRSSa1ed]
[stmatts.org/pictures/2020/4/childrens liturgy-1.jpg]
[stmatts.org/childrenslturgy.html]
[stmatts.org/newsRSS4046]
[stmatts.org/pictures/2020/1/communion-1.png]
[stmatts.org/ecuharisticministry.html]
[stmatts.org/newsRSSae08]
[stmatts.org/pictures/2020/1/lilies-1.png]
[stmatts.org/pictures/2020/5/bruce2-3.jpg]
[stmatts.org/funeral.html]
[stmatts.org/newsRSS0167]
[stmatts.org/lectors.html]
[stmatts.org/newsRSS4d85]
[stmatts.org/pictures/2019/7/Welcome Parish Resource Guide2 9.jpg]
[stmatts.org/musicministry.html]
[stmatts.org/newsRSS1553]
[stmatts.org/ushers-hospitality.html]
[stmatts.org/newsRSSbd1d]
[stmatts.org/prayer-groups.html]
[stmatts.org/newsRSSc1f6]
[stmatts.org/pictures/2020/1/3 -2013-1stbaptisminnewfont_29596943377_o.jpg]
[stmatts.org/pictures/2021/2/2021 baptism dates.jpg]
[stmatts.org/baptism.html]
[stmatts.org/newsRSS4a11]
[stmatts.org/pictures/2019/2/first page w logo.jpg]
[stmatts.org/bautismo.html]
[stmatts.org/newsRSS7657]
[stmatts.org/pictures/2020/1/forgive-2.png]
[stmatts.org/reconciliation.html]
[stmatts.org/newsRSSf3b5]
[stmatts.org/pictures/2020/1/DSC02562-1.jpg]
[stmatts.org/eucharist.html]
[stmatts.org/newsRSSfd4c]
[stmatts.org/pictures/2020/2/hs.png]
[stmatts.org/pictures/2020/1/hs art.jpg]
[stmatts.org/confirmation.html]
[stmatts.org/newsRSSc256]
[stmatts.org/confirmacion-en-espanol.html]
[stmatts.org/newsRSSc4d1]
[stmatts.org/pictures/2021/1/Wedding_rings-2.jpg]
[stmatts.org/marriage.html]
[stmatts.org/newsRSSf51a]
[stmatts.org/holyorders.html]
[stmatts.org/newsRSSf3b6]
[stmatts.org/anointingofthesick.html]
[stmatts.org/newsRSSdd2a]
[stmatts.org/sacramental-certificates.html]
[stmatts.org/newsRSS7e29]
[stmatts.org/childrens-programs.html]
[stmatts.org/newsRSS05c6]
[stmatts.org/children.html]
[stmatts.org/newsRSS5345]
[stmatts.org/religiouseducation.html]
[stmatts.org/newsRSS8339]
[stmatts.org/catecismo-en-espanol-1.html]
[stmatts.org/newsRSS36e0]
[stmatts.org/biblestorytime.html]
[stmatts.org/newsRSS60b5]
[stmatts.org/childrens-amp-youth-organizations.html]
[stmatts.org/newsRSSc4cc]
[stmatts.org/youth-programs.html]
[stmatts.org/newsRSS4b76]
[stmatts.org/tgarcia@stmatts.org]
[stmatts.org/highschoolconfirmation.html]
[stmatts.org/newsRSS7552]
[stmatts.org/pictures/2021/6/Middle School Retreat Picture.png]
[stmatts.org/pictures/2021/6/Middle School Retreat Picture2.png]
[stmatts.org/pictures/2020/1/Edge_Logo-Black-1.png]
[stmatts.org/pictures/2020/1/LT-Horizontal-Gray-Blue-1-1.png]
[stmatts.org/youth-ministry.html]
[stmatts.org/newsRSSa4a8]
[stmatts.org/middleschoolgroup.html]
[stmatts.org/newsRSSf6b4]
[stmatts.org/highschoolyouth.html]
[stmatts.org/newsRSS1a24]
[stmatts.org/quince.html]
[stmatts.org/newsRSSef34]
[stmatts.org/adult-programs.html]
[stmatts.org/newsRSS2337]
[stmatts.org/biblestudy.html]
[stmatts.org/adultformation.html]
[stmatts.org/adultconfirmation.html]
[stmatts.org/newsRSSfa12]
[stmatts.org/rciaforteens.html]
[stmatts.org/newsRSS78ee]
[stmatts.org/rcia.html]
[stmatts.org/newsRSSc5cc]
[stmatts.org/pictures/2020/1/pic rcia-1.jpg]
[stmatts.org/rcia-en-espanol.html]
[stmatts.org/newsRSS8148]
[stmatts.org/adult-formation-videos.html]
[stmatts.org/newsRSSb1ee]
[stmatts.org/mental-health-ministry]
[stmatts.org/adult-ministries.html]
[stmatts.org/newsRSSbbf3]
[stmatts.org/acts.html]
[stmatts.org/newsRSS51ce]
[stmatts.org/pictures/2020/1/cov of love.jpg]
[stmatts.org/covenantoflove.html]
[stmatts.org/newsRSS2315]
[stmatts.org/family-retreats.html]
[stmatts.org/newsRSSd694]
[stmatts.org/counselingcenter.html]
[stmatts.org/newsRSSa4d9]
[stmatts.org/mental-health-ministry-1.html]
[stmatts.org/newsRSS0a23]
[stmatts.org/respectlife.html]
[stmatts.org/newsRSS5fea]
[stmatts.org/spiritual-direction.html]
[stmatts.org/newsRSSb09b]
[stmatts.org/support-ministry.html]
[stmatts.org/newsRSS9b95]
[stmatts.org/coping-with-loss.html]
[stmatts.org/newsRSSacec]
[stmatts.org/widowsandwidowerscopingwithlossgroup.html]
[stmatts.org/newsRSS779f]
[stmatts.org/resources/base-images/slideshow/4x3.png]
[stmatts.org/photoalbums/yc/YC3 - Mission Bike tour.jpg]
[stmatts.org/youngadultministry.html]
[stmatts.org/newsRSS3601]
[stmatts.org/pictures/2020/1/CDA_Logo_Purple.jpg]
[stmatts.org/pictures/2020/1/guadalupe.jpg]
[stmatts.org/pictures/2020/1/3rddegree-1.jpg]
[stmatts.org/pictures/2020/1/legion-image-tessera.png]
[stmatts.org/holy-name-society-mens-cub]
[stmatts.org/pictures/2020/1/holy name.png]
[stmatts.org/pictures/2020/1/YC3 logo NEW-3.png]
[stmatts.org/adult-organizations.html]
[stmatts.org/newsRSS241e]
[stmatts.org/catholic-daughters.html]
[stmatts.org/newsRSSccf8]
[stmatts.org/guadalupanos.html]
[stmatts.org/newsRSS1824]
[stmatts.org/holynamemensclub.html]
[stmatts.org/newsRSSeb0d]
[stmatts.org/knights-of-columbus.html]
[stmatts.org/newsRSSdae4]
[stmatts.org/legion-of-mary.html]
[stmatts.org/newsRSS1d5a]
[stmatts.org/pictures/2020/1/stvincent-logo-sm2-1.png]
[stmatts.org/st-vincent-de-paul]
[stmatts.org/social-service-outreach.html]
[stmatts.org/newsRSSe125]
[stmatts.org/seniorcenter.html]
[stmatts.org/newsRSS4110]
[stmatts.org/pictures/2020/1/stvincent-logo-sm2-1-1.png]
[stmatts.org/pictures/2020/1/image004.jpg]
[stmatts.org/svdp.html]
[stmatts.org/newsRSSc864]
[stmatts.org/facilities-reservation-request.html]
[stmatts.org/newsRSScc19]
[stmatts.org/pictures/2016/9/IMG_2575.jpg]
[stmatts.org/pictures/2020/1/IMG_2572.jpg]
[stmatts.org/pictures/2020/2/our campus-3.png]
[stmatts.org/parish-hall.html]
[stmatts.org/newsRSSb1a5]
[stmatts.org/mcdonaldfamilycenter.html]
[stmatts.org/pictures/2020/2/our campus-2-1.png]
[stmatts.org/newsRSSf662]
[stmatts.org/photoalbums/athletic-center/IMG_6537.jpg]
[stmatts.org/athletic-center.html]
[stmatts.org/newsRSSe187]
[stmatts.org/sportspark.html]
[stmatts.org/newsRSSc54e]
[stmatts.org/donate.html]
[stmatts.org/bulletins.html]
[stmatts.org/newsRSS7c53]
[stmatts.org/pictures/2020/5/prayer.jpg]
[stmatts.org/pictures/2021/7/b1_03-1-1.png]
[stmatts.org/pastors-message.html]
[stmatts.org/newsRSS823a]
[stmatts.org/daily-readings.html]
[stmatts.org/events/altar-server-training.html]
[stmatts.org/events.html]
[stmatts.org/calendar2679.html]
[stmatts.org/events2679.html]
[stmatts.org/aggregateStream/EVENT187f.html]
[stmatts.org/newsRSS10fb]
[stmatts.org/connect.html]
[stmatts.org/tgarcia@stmatts.html]
[stmatts.org/newsRSS7053]
[stmatts.org/week-one.html]
[stmatts.org/week-two.html]
[stmatts.org/week-three.html]
[stmatts.org/week-four.html]
[stmatts.org/prayer.html]
[stmatts.org/prayer-2.html]
[stmatts.org/pictures/2020/8/BB 2020-2021 Adult Bible Studies1.jpg]
[stmatts.org/biblestudy.html]
[stmatts.org/newsRSSb2a3]
[stmatts.org/pictures/2020/12/2021 Adult Confirmation.jpg]
[stmatts.org/adultconfirmation.html]
[stmatts.org/mental-health-ministry.html]
[stmatts.org/holy-name-society-mens-cub.html]
[stmatts.org/st-vincent-de-paul.html]
[stmatts.org/calendar.html]
[stmatts.org/icalendar0.ics]
[stmatts.org/events.html]
[stmatts.org/calendar2679.html]
[stmatts.org/aggregateStream/EVENT187f.html]
[stmatts.org/aggregateStream/EVENTdcb9.html]
[stmatts.org/newsRSS137d]
[stmatts.org/week-one.html]
[stmatts.org/newsRSSa21c]
[stmatts.org/week-two.html]
[stmatts.org/newsRSScfd6]
[stmatts.org/week-three.html]
[stmatts.org/newsRSS8819]
[stmatts.org/week-four.html]
[stmatts.org/newsRSS0d19]
[stmatts.org/prayer.html]
[stmatts.org/newsRSS0703]
[stmatts.org/prayer-2.html]
[stmatts.org/icalendar.ics]
[stmatts.org/calendar.html]
[stmatts.org/aggregateStream/EVENTdcb9.html]
